bench /bin/rcp /etc/passwd assault:/tmp/write.out2 
0.023u 0.054s 1.835
Idle ticks 679333/759441 =  89.45% Idle, Context Sw. 195 inv 40 full 138, Elapsed time 1.835
Cache blocks max 5057 min 32 number 3861/3861 free 1/1 limit 5057
Bytes read 15481+0 remote 0 disk 0+0
Bytes written 169+0 remote 189 disk 0+0
Dev bytes read 6466 written 886
Zero Fills read 0 write1 0 write2 0 frag 0
Appends 0 Overwrites 0 Failed Reads 0
Cache reads 6 hits: dirty 0 clean 6 other 0
Cache writes 1 hits 1 misses 0 thru 1
Write thru 1 data 1 indirect 0 desc 0 dir 0
VM requests 0 tried 0 gave 0
Cache blocks created 0, alloc from free 0 part 0 lru 0
Handles 1014 created 14 installed 22 hits 8 old 0 version 0 flush 0
	fetched 26 hits 12 released 35 locks 0/0 wait 0
Segments fetched 1 hits 1
Lookup relative 0 absolute 11 redirect 2 found 0 loops 0 timeouts 0 stale 0
Kernel VM Pages: 262532 (Code+Data=262436 Stacks=96)
User VM Pages:   1039 (Free=143 Dirty=0 Res=3 Alloc-list=893)
Modified pages: Total=108 %Tot-dirty=10.42 %Inuse-dirty=12.09
FS Pages: Current=3861 Max=3861 Min=3861
Faults:      135 (Zero=32 FS=7 Swap=0 Quick=95 Coll=0)
             135 (Code=28 Heap=95 Stack=12)
Mod page stats:  Pot-mod=0 Not-mod=0 Not-hard-mod=0
COW: Heap (0/18)=0% Stk (0/1)=0% Tot (0/19)=0%
     Quick (0/0)=0%
COR: Heap (1/18)=5% Stk (1/1)=100% Tot (2/19)=10%
COR-mod: Heap(0/1)=0% Stk (1/1)=100% Tot (1/2)=50%
Swap pages copied: 0
Vm allocs: 44 (Free=44 From-FS=0 From-alloc-list=0)
VM-FS stats: Asked=0 Free-pages=0 Allocs=0 Frees=0
Alloc-list searches: 0 (Free=0 In-use=0)
Extra-searches: 0 (Lock=0 Ref=0 Dirty=0)
Pages written 0
Network stats: Bytes received 4537 bytes sent 12408
U  0.039 S  0.093 /sprite/daemons/ipServer 
U  0.000 S  0.070 bench -c /bin/rcp /etc/passwd assault:/tmp/write.out2 
Total User      0.039061 Total Kernel      0.164060
