pdevtest.new 
C: Idle ticks 0/35736 =   0.00% Idle, Context Sw. 2008 inv 1003 full 2008, Elapsed time 3.530
Cache blocks max 1700 min 256 number 256/256 free 1/1 limit 1700
Bytes read 0+0 remote 0 disk 0+0
Bytes written 0+0 remote 0 disk 0+0
Dev bytes read 47 written 0
Zero Fills read 0 write1 0 write2 0 frag 0
Appends 0 Overwrites 0 Failed Reads 0
Cache reads 0 hits: dirty 0 clean 0 other 0
Cache writes 0 hits 0 misses 0 thru 0
Write thru 0 data 0 indirect 0 desc 0 dir 0
Cache blocks created 0, alloc from free 0 part 0 lru 0
Handles 105 created 0 installed 0 hits 0 old 0 version 0 flush 0
	fetched 0 hits 0 released 1 locks 0/4 wait 0
Segments fetched 0 hits 0
Lookup relative 0 absolute 0 redirect 0 found 0 loops 0 timeouts 0 stale 0
Kernel VM Pages: 182 (Code+Data=161 Stacks=21)
User VM Pages:   712 (Free=333 Dirty=0 Res=4 Alloc-list=375)
Modified pages: Total=172 %Tot-dirty=24.29 %Inuse-dirty=45.87
FS Pages: Current=128 Max=128 Min=0
Faults:        8 (Zero=8 FS=0 Swap=0 Quick=0 Coll=0)
               8 (Code=0 Heap=7 Stack=1)
Mod page stats:  Pot-mod=0 Not-mod=0 Not-hard-mod=0
COW: Heap (0/0)=0% Stk (0/0)=0% Tot (0/0)=0%
     Quick (0/0)=0%
COR: Heap (0/0)=0% Stk (0/0)=0% Tot (0/0)=0%
COR-mod: Heap(0/0)=0% Stk (0/0)=0% Tot (0/0)=0%
Swap pages copied: 0
Vm allocs: 8 (Free=8 From-FS=0 From-alloc-list=0)
VM-FS stats: Asked=0 Free-pages=0 Allocs=0 Frees=0
Alloc-list searches: 0 (Free=0 In-use=0)
Extra-searches: 0 (Lock=0 Ref=0 Dirty=0)
Pages written 0
Contexts stolen 0 pmegs stolen 0
