pdevtest.new 
S: Idle ticks 0/69434 =   0.00% Idle, Context Sw. 3608 inv 1589 full 3607, Elapsed time 5.000
Cache blocks max 1732 min 256 number 256/256 free 1/0 limit 1732
Bytes read 0+0 remote 0 disk 0+0
Bytes written 1533+0 remote 0 disk 0+0
Dev bytes read 47 written 0
Zero Fills read 0 write1 0 write2 1 frag 0
Appends 0 Overwrites 0 Failed Reads 0
Cache reads 0 hits: dirty 0 clean 0 other 0
Cache writes 2 hits 1 misses 0 thru 0
Write thru 0 data 0 indirect 0 desc 0 dir 0
Cache blocks created 0, alloc from free 0 part 1 lru 0
Handles 104 created 0 installed 0 hits 0 old 0 version 0 flush 0
	fetched 0 hits 0 released 1 locks 0/9 wait 0
Segments fetched 0 hits 0
Lookup relative 0 absolute 0 redirect 0 found 0 loops 0 timeouts 0 stale 0
Kernel VM Pages: 168 (Code+Data=147 Stacks=21)
User VM Pages:   726 (Free=368 Dirty=0 Res=4 Alloc-list=354)
Modified pages: Total=161 %Tot-dirty=22.30 %Inuse-dirty=45.48
FS Pages: Current=128 Max=128 Min=0
Faults:       14 (Zero=13 FS=1 Swap=0 Quick=0 Coll=0)
              14 (Code=0 Heap=13 Stack=1)
Mod page stats:  Pot-mod=0 Not-mod=0 Not-hard-mod=0
COW: Heap (0/0)=0% Stk (0/0)=0% Tot (0/0)=0%
     Quick (0/0)=0%
COR: Heap (0/0)=0% Stk (0/0)=0% Tot (0/0)=0%
COR-mod: Heap(0/0)=0% Stk (0/0)=0% Tot (0/0)=0%
Swap pages copied: 0
Vm allocs: 14 (Free=14 From-FS=0 From-alloc-list=0)
VM-FS stats: Asked=0 Free-pages=0 Allocs=0 Frees=0
Alloc-list searches: 0 (Free=0 In-use=0)
Extra-searches: 0 (Lock=0 Ref=0 Dirty=0)
Pages written 0
Contexts stolen 0 pmegs stolen 0
