pdevtest 
C: Idle ticks 0/117545 =   0.00% Idle, Context Sw. 1540 inv 73 full 1174, Elapsed time 1:37.670
Cache blocks max 2668 min 256 number 256/256 free 28/28 limit 2668
Bytes read 0+0 remote 374 disk 0+0
Bytes written 3740+0 remote 374 disk 0+0	traffic ratio %10
Dev bytes read 271 written 39979
Zero Fills read 0 write1 0 write2 0 frag 0
Appends 0 Overwrites 0 Failed Reads 0
Cache reads 0 hits: dirty 0 clean 0 other 0
Cache writes 20 hits 20 misses 0 thru 0	traffic ratio %0
Write thru 0 data 0 indirect 0 desc 0 dir 0
VM requests 0 tried 0 gave 0
Cache blocks created 0, alloc from free 0 part 0 lru 0
Handles 637 created 0 installed 0 hits 0 old 0 version 0 flush 0
	fetched 2 hits 0 released 2 locks 0/3304 wait 0
Segments fetched 0 hits 0
Lookup relative 0 absolute 6 redirect 2 found 0 loops 0 timeouts 0 stale 0
Kernel VM Pages: 259 (Code+Data=209 Stacks=50)
User VM Pages:   1142 (Free=77 Dirty=0 Res=3 Alloc-list=1062)
Modified pages: Total=574 %Tot-dirty=50.40 %Inuse-dirty=54.05
FS Pages: Current=128 Max=482 Min=0
Faults:        2 (Zero=2 FS=0 Swap=0 Quick=0 Coll=0)
               2 (Code=0 Heap=0 Stack=2)
Mod page stats:  Pot-mod=0 Not-mod=0 Not-hard-mod=0
COW: Heap (0/0)=0% Stk (0/0)=0% Tot (0/0)=0%
     Quick (0/0)=0%
COR: Heap (0/0)=0% Stk (0/0)=0% Tot (0/0)=0%
COR-mod: Heap(0/0)=0% Stk (0/0)=0% Tot (0/0)=0%
Swap pages copied: 0
Vm allocs: 2 (Free=2 From-FS=0 From-alloc-list=0)
VM-FS stats: Asked=0 Free-pages=0 Allocs=0 Frees=0
Alloc-list searches: 0 (Free=0 In-use=0)
Extra-searches: 0 (Lock=0 Ref=0 Dirty=0)
Pages written 0
Contexts stolen 19 pmegs stolen 0
